Wrote bill of materials to 'production/raw_schematic_parts.csv'.
Processing 73 part groups...
[1/73] Processing C101,C102,C401,C501,... Not found.
[2/73] Processing C201,C204,C211,C212,... Found.
[3/73] Processing C202,C203,C207,C208... Found.
[4/73] Processing C205,C206... Found.
[5/73] Processing C209,C210,C214,C215,... Not found.
[6/73] Processing C213,C216,C218,C220,... Found.
[7/73] Processing C217... Not found.
[8/73] Processing C225,C309,C314,C1901... Not found.
[9/73] Processing C301,C302,C305,C306... Found.
[10/73] Processing C303,C304,C1910,C191... Found.
[11/73] Processing C310,C313,C317,C320... Found.
[12/73] Processing C405,C406,C407,C408,... Found.
[13/73] Processing C707,C708,C807,C808,... Found.
[14/73] Processing C709,C710,C809,C810,... Found.
[15/73] Processing C1301,C1908... Found.
[16/73] Processing C1302... Found.
[17/73] Processing C1303... Found.
[18/73] Processing C1304... Found.
[19/73] Processing C1305... Found.
[20/73] Processing C1306... Found.
[21/73] Processing C1307... Found.
[22/73] Processing C1308,C1915... Found.
[23/73] Processing C1309... Found.
[24/73] Processing C1310... Found.
[25/73] Processing C1311... 